// Vitest Snapshot v1, https://vitest.dev/guide/snapshot.html

exports[`Snapshots SongItem.vue > renders correctly 1`] = `
<li
  class="flex justify-between items-center p-3 pl-6 cursor-pointer transition duration-300 hover:bg-gray-50 example snapshot song-id-abc"
>
  <!-- 添加了动态属性id作为测试 -->
  <div>
    <!-- name and id must provide to the router as params to replace the dynamic segment -->
    <router-link-stub
      class="font-bold block text-gray-600"
      custom="false"
      to="[object Object]"
    />
    <span
      class="text-gray-500 text-sm"
    >
      test
    </span>
  </div>
  <div
    class="text-gray-60 0 text-lg"
  >
    <!-- use custom property to complete control over the behavior of the component  -->
    <router-link-stub
      custom="true"
      to="[object Object]"
    />
  </div>
</li>
`;
